Field[0] = D1
Field[1] = D2
Field[2] = D3
Field[3] = D4
Field[4] = D5
Field[5] = D6
Field[6] = D7
Field[7] = D8
Field[8] = D9
Field[9] = D10
Field[10] = D11
Field[11] = D12
Field[12] = D13
Field[13] = D14
Field[14] = D15
Field[15] = D16
Field[16] = D17
Field[17] = D18
Field[18] = D19
Field[19] = D20
