Field[0] = T1
Field[1] = T2
Field[2] = T3
Field[3] = T4
Field[4] = T5
Field[5] = T6
Field[6] = T7
Field[7] = T8
Field[8] = T9
Field[9] = T10
Field[10] = T11
Field[11] = T12
Field[12] = T13
Field[13] = T14
Field[14] = T15
Field[15] = T16
Field[16] = T17
Field[17] = T18
Field[18] = T19
Field[19] = T20
