Target[0] = left score: 171; T20
Target[1] = left score: 111; T20
Target[2] = left score: 100; T20
Target[3] = left score: 130; T20
Target[4] = left score: 167; T20
Target[5] = left score: 107; T20
