Dart1: filled
Dart2: filled
Dart3: filled
Tries To Double: 0